Archive member included to satisfy reference by file (symbol)

D:\thuvien\SDK_1.0.3_NUCLEO-F401RE\lib_stm\liblibraries.a(system_stm32f4xx.o)
                              ./Src/main.o (SystemCoreClockUpdate)
D:\thuvien\SDK_1.0.3_NUCLEO-F401RE\lib_stm\liblibraries.a(stm32f401re_gpio.o)
                              ./Src/main.o (GPIO_Init)
D:\thuvien\SDK_1.0.3_NUCLEO-F401RE\lib_stm\liblibraries.a(stm32f401re_rcc.o)
                              ./Src/main.o (RCC_AHB1PeriphClockCmd)
D:/STM32CubeIDE_1.14.1/STM32CubeIDE/plugins/com.st.stm32cube.ide.mcu.externaltools.gnu-tools-for-stm32.11.3.rel1.win32_1.1.100.202309141235/tools/bin/../lib/gcc/arm-none-eabi/11.3.1/../../../../arm-none-eabi/lib/thumb/v7e-m+fp/hard\libc_nano.a(libc_a-exit.o)
                              D:/STM32CubeIDE_1.14.1/STM32CubeIDE/plugins/com.st.stm32cube.ide.mcu.externaltools.gnu-tools-for-stm32.11.3.rel1.win32_1.1.100.202309141235/tools/bin/../lib/gcc/arm-none-eabi/11.3.1/../../../../arm-none-eabi/lib/thumb/v7e-m+fp/hard/crt0.o (exit)
D:/STM32CubeIDE_1.14.1/STM32CubeIDE/plugins/com.st.stm32cube.ide.mcu.externaltools.gnu-tools-for-stm32.11.3.rel1.win32_1.1.100.202309141235/tools/bin/../lib/gcc/arm-none-eabi/11.3.1/../../../../arm-none-eabi/lib/thumb/v7e-m+fp/hard\libc_nano.a(libc_a-findfp.o)
                              D:/STM32CubeIDE_1.14.1/STM32CubeIDE/plugins/com.st.stm32cube.ide.mcu.externaltools.gnu-tools-for-stm32.11.3.rel1.win32_1.1.100.202309141235/tools/bin/../lib/gcc/arm-none-eabi/11.3.1/../../../../arm-none-eabi/lib/thumb/v7e-m+fp/hard\libc_nano.a(libc_a-exit.o) (__stdio_exit_handler)
D:/STM32CubeIDE_1.14.1/STM32CubeIDE/plugins/com.st.stm32cube.ide.mcu.externaltools.gnu-tools-for-stm32.11.3.rel1.win32_1.1.100.202309141235/tools/bin/../lib/gcc/arm-none-eabi/11.3.1/../../../../arm-none-eabi/lib/thumb/v7e-m+fp/hard\libc_nano.a(libc_a-fwalk.o)
                              D:/STM32CubeIDE_1.14.1/STM32CubeIDE/plugins/com.st.stm32cube.ide.mcu.externaltools.gnu-tools-for-stm32.11.3.rel1.win32_1.1.100.202309141235/tools/bin/../lib/gcc/arm-none-eabi/11.3.1/../../../../arm-none-eabi/lib/thumb/v7e-m+fp/hard\libc_nano.a(libc_a-findfp.o) (_fwalk_sglue)
D:/STM32CubeIDE_1.14.1/STM32CubeIDE/plugins/com.st.stm32cube.ide.mcu.externaltools.gnu-tools-for-stm32.11.3.rel1.win32_1.1.100.202309141235/tools/bin/../lib/gcc/arm-none-eabi/11.3.1/../../../../arm-none-eabi/lib/thumb/v7e-m+fp/hard\libc_nano.a(libc_a-stdio.o)
                              D:/STM32CubeIDE_1.14.1/STM32CubeIDE/plugins/com.st.stm32cube.ide.mcu.externaltools.gnu-tools-for-stm32.11.3.rel1.win32_1.1.100.202309141235/tools/bin/../lib/gcc/arm-none-eabi/11.3.1/../../../../arm-none-eabi/lib/thumb/v7e-m+fp/hard\libc_nano.a(libc_a-findfp.o) (__sread)
D:/STM32CubeIDE_1.14.1/STM32CubeIDE/plugins/com.st.stm32cube.ide.mcu.externaltools.gnu-tools-for-stm32.11.3.rel1.win32_1.1.100.202309141235/tools/bin/../lib/gcc/arm-none-eabi/11.3.1/../../../../arm-none-eabi/lib/thumb/v7e-m+fp/hard\libc_nano.a(libc_a-memset.o)
                              D:/STM32CubeIDE_1.14.1/STM32CubeIDE/plugins/com.st.stm32cube.ide.mcu.externaltools.gnu-tools-for-stm32.11.3.rel1.win32_1.1.100.202309141235/tools/bin/../lib/gcc/arm-none-eabi/11.3.1/../../../../arm-none-eabi/lib/thumb/v7e-m+fp/hard/crt0.o (memset)
D:/STM32CubeIDE_1.14.1/STM32CubeIDE/plugins/com.st.stm32cube.ide.mcu.externaltools.gnu-tools-for-stm32.11.3.rel1.win32_1.1.100.202309141235/tools/bin/../lib/gcc/arm-none-eabi/11.3.1/../../../../arm-none-eabi/lib/thumb/v7e-m+fp/hard\libc_nano.a(libc_a-closer.o)
                              D:/STM32CubeIDE_1.14.1/STM32CubeIDE/plugins/com.st.stm32cube.ide.mcu.externaltools.gnu-tools-for-stm32.11.3.rel1.win32_1.1.100.202309141235/tools/bin/../lib/gcc/arm-none-eabi/11.3.1/../../../../arm-none-eabi/lib/thumb/v7e-m+fp/hard\libc_nano.a(libc_a-stdio.o) (_close_r)
D:/STM32CubeIDE_1.14.1/STM32CubeIDE/plugins/com.st.stm32cube.ide.mcu.externaltools.gnu-tools-for-stm32.11.3.rel1.win32_1.1.100.202309141235/tools/bin/../lib/gcc/arm-none-eabi/11.3.1/../../../../arm-none-eabi/lib/thumb/v7e-m+fp/hard\libc_nano.a(libc_a-reent.o)
                              D:/STM32CubeIDE_1.14.1/STM32CubeIDE/plugins/com.st.stm32cube.ide.mcu.externaltools.gnu-tools-for-stm32.11.3.rel1.win32_1.1.100.202309141235/tools/bin/../lib/gcc/arm-none-eabi/11.3.1/../../../../arm-none-eabi/lib/thumb/v7e-m+fp/hard\libc_nano.a(libc_a-closer.o) (errno)
D:/STM32CubeIDE_1.14.1/STM32CubeIDE/plugins/com.st.stm32cube.ide.mcu.externaltools.gnu-tools-for-stm32.11.3.rel1.win32_1.1.100.202309141235/tools/bin/../lib/gcc/arm-none-eabi/11.3.1/../../../../arm-none-eabi/lib/thumb/v7e-m+fp/hard\libc_nano.a(libc_a-impure.o)
                              D:/STM32CubeIDE_1.14.1/STM32CubeIDE/plugins/com.st.stm32cube.ide.mcu.externaltools.gnu-tools-for-stm32.11.3.rel1.win32_1.1.100.202309141235/tools/bin/../lib/gcc/arm-none-eabi/11.3.1/../../../../arm-none-eabi/lib/thumb/v7e-m+fp/hard\libc_nano.a(libc_a-reent.o) (_impure_ptr)
[...]
Memory Configuration

Name             Origin             Length             Attributes
RAM              0x0000000020000000 0x0000000000018000 xrw
FLASH            0x0000000008000000 0x0000000000080000 xr
*default*        0x0000000000000000 0xffffffffffffffff

Linker script and memory map

LOAD D:/STM32CubeIDE_1.14.1/STM32CubeIDE/plugins/com.st.stm32cube.ide.mcu.externaltools.gnu-tools-for-stm32.11.3.rel1.win32_1.1.100.202309141235/tools/bin/../lib/gcc/arm-none-eabi/11.3.1/thumb/v7e-m+fp/hard/crti.o
LOAD D:/STM32CubeIDE_1.14.1/STM32CubeIDE/plugins/com.st.stm32cube.ide.mcu.externaltools.gnu-tools-for-stm32.11.3.rel1.win32_1.1.100.202309141235/tools/bin/../lib/gcc/arm-none-eabi/11.3.1/thumb/v7e-m+fp/hard/crtbegin.o
LOAD D:/STM32CubeIDE_1.14.1/STM32CubeIDE/plugins/com.st.stm32cube.ide.mcu.externaltools.gnu-tools-for-stm32.11.3.rel1.win32_1.1.100.202309141235/tools/bin/../lib/gcc/arm-none-eabi/11.3.1/../../../../arm-none-eabi/lib/thumb/v7e-m+fp/hard/crt0.o
LOAD ./Src/main.o
LOAD ./Src/syscalls.o
LOAD ./Src/sysmem.o
LOAD ./Startup/startup_stm32f401retx.o
LOAD D:\thuvien\SDK_1.0.3_NUCLEO-F401RE\lib_stm\liblibraries.a
START GROUP
LOAD D:/STM32CubeIDE_1.14.1/STM32CubeIDE/plugins/com.st.stm32cube.ide.mcu.externaltools.gnu-tools-for-stm32.11.3.rel1.win32_1.1.100.202309141235/tools/bin/../lib/gcc/arm-none-eabi/11.3.1/../../../../arm-none-eabi/lib/thumb/v7e-m+fp/hard\libc_nano.a
LOAD D:/STM32CubeIDE_1.14.1/STM32CubeIDE/plugins/com.st.stm32cube.ide.mcu.externaltools.gnu-tools-for-stm32.11.3.rel1.win32_1.1.100.202309141235/tools/bin/../lib/gcc/arm-none-eabi/11.3.1/../../../../arm-none-eabi/lib/thumb/v7e-m+fp/hard\libm.a
END GROUP
START GROUP
LOAD D:/STM32CubeIDE_1.14.1/STM32CubeIDE/plugins/com.st.stm32cube.ide.mcu.externaltools.gnu-tools-for-stm32.11.3.rel1.win32_1.1.100.202309141235/tools/bin/../lib/gcc/arm-none-eabi/11.3.1/thumb/v7e-m+fp/hard\libgcc.a
LOAD D:/STM32CubeIDE_1.14.1/STM32CubeIDE/plugins/com.st.stm32cube.ide.mcu.externaltools.gnu-tools-for-stm32.11.3.rel1.win32_1.1.100.202309141235/tools/bin/../lib/gcc/arm-none-eabi/11.3.1/../../../../arm-none-eabi/lib/thumb/v7e-m+fp/hard\libc_nano.a
END GROUP
START GROUP
LOAD D:/STM32CubeIDE_1.14.1/STM32CubeIDE/plugins/com.st.stm32cube.ide.mcu.externaltools.gnu-tools-for-stm32.11.3.rel1.win32_1.1.100.202309141235/tools/bin/../lib/gcc/arm-none-eabi/11.3.1/thumb/v7e-m+fp/hard\libgcc.a
LOAD D:/STM32CubeIDE_1.14.1/STM32CubeIDE/plugins/com.st.stm32cube.ide.mcu.externaltools.gnu-tools-for-stm32.11.3.rel1.win32_1.1.100.202309141235/tools/bin/../lib/gcc/arm-none-eabi/11.3.1/../../../../arm-none-eabi/lib/thumb/v7e-m+fp/hard\libc_nano.a
LOAD D:/STM32CubeIDE_1.14.1/STM32CubeIDE/plugins/com.st.stm32cube.ide.mcu.externaltools.gnu-tools-for-stm32.11.3.rel1.win32_1.1.100.202309141235/tools/bin/../lib/gcc/arm-none-eabi/11.3.1/../../../../arm-none-eabi/lib/thumb/v7e-m+fp/hard\libnosys.a
END GROUP
START GROUP
LOAD D:/STM32CubeIDE_1.14.1/STM32CubeIDE/plugins/com.st.stm32cube.ide.mcu.externaltools.gnu-tools-for-stm32.11.3.rel1.win32_1.1.100.202309141235/tools/bin/../lib/gcc/arm-none-eabi/11.3.1/thumb/v7e-m+fp/hard\libgcc.a
LOAD D:/STM32CubeIDE_1.14.1/STM32CubeIDE/plugins/com.st.stm32cube.ide.mcu.externaltools.gnu-tools-for-stm32.11.3.rel1.win32_1.1.100.202309141235/tools/bin/../lib/gcc/arm-none-eabi/11.3.1/../../../../arm-none-eabi/lib/thumb/v7e-m+fp/hard\libc_nano.a
LOAD D:/STM32CubeIDE_1.14.1/STM32CubeIDE/plugins/com.st.stm32cube.ide.mcu.externaltools.gnu-tools-for-stm32.11.3.rel1.win32_1.1.100.202309141235/tools/bin/../lib/gcc/arm-none-eabi/11.3.1/../../../../arm-none-eabi/lib/thumb/v7e-m+fp/hard\libnosys.a
END GROUP
LOAD D:/STM32CubeIDE_1.14.1/STM32CubeIDE/plugins/com.st.stm32cube.ide.mcu.externaltools.gnu-tools-for-stm32.11.3.rel1.win32_1.1.100.202309141235/tools/bin/../lib/gcc/arm-none-eabi/11.3.1/thumb/v7e-m+fp/hard/crtend.o
LOAD D:/STM32CubeIDE_1.14.1/STM32CubeIDE/plugins/com.st.stm32cube.ide.mcu.externaltools.gnu-tools-for-stm32.11.3.rel1.win32_1.1.100.202309141235/tools/bin/../lib/gcc/arm-none-eabi/11.3.1/thumb/v7e-m+fp/hard/crtn.o
                0x0000000020018000                _estack = (ORIGIN (RAM) + LENGTH (RAM))
                0x0000000000000200                _Min_Heap_Size = 0x200
                0x0000000000000400                _Min_Stack_Size = 0x400

.isr_vector     0x0000000008000000      0x194
                0x0000000008000000                . = ALIGN (0x4)
 *(.isr_vector)
 .isr_vector    0x0000000008000000      0x194 ./Startup/startup_stm32f401retx.o
                0x0000000008000000                g_pfnVectors
                0x0000000008000194                . = ALIGN (0x4)

.text           0x0000000008000194      0x588
                0x0000000008000194                . = ALIGN (0x4)
 *(.text)
 .text          0x0000000008000194       0x40 D:/STM32CubeIDE_1.14.1/STM32CubeIDE/plugins/com.st.stm32cube.ide.mcu.externaltools.gnu-tools-for-stm32.11.3.rel1.win32_1.1.100.202309141235/tools/bin/../lib/gcc/arm-none-eabi/11.3.1/thumb/v7e-m+fp/hard/crtbegin.o
 *(.text*)
 .text.Buzzer_Init
                0x00000000080001d4       0x3c ./Src/main.o
 .text.Button_Init
                0x0000000008000210       0x34 ./Src/main.o
 .text.BuzzerRead_SetStatus
                0x0000000008000244       0x60 ./Src/main.o
 .text.ButtonRead_Status
                0x00000000080002a4       0x2e ./Src/main.o
 *fill*         0x00000000080002d2        0x2 
 .text.main     0x00000000080002d4       0x34 ./Src/main.o
                0x00000000080002d4                main
 .text.Reset_Handler
                0x0000000008000308       0x50 ./Startup/startup_stm32f401retx.o
                0x0000000008000308                Reset_Handler
 .text.Default_Handler
                0x0000000008000358        0x2 ./Startup/startup_stm32f401retx.o
                0x0000000008000358                EXTI2_IRQHandler
                0x0000000008000358                DebugMon_Handler
                0x0000000008000358                SPI4_IRQHandler
                0x0000000008000358                TIM1_CC_IRQHandler
                0x0000000008000358                DMA2_Stream5_IRQHandler
                0x0000000008000358                HardFault_Handler
                0x0000000008000358                DMA1_Stream5_IRQHandler
                0x0000000008000358                SysTick_Handler
                0x0000000008000358                SDIO_IRQHandler
                0x0000000008000358                TAMP_STAMP_IRQHandler
                0x0000000008000358                PendSV_Handler
                0x0000000008000358                NMI_Handler
                0x0000000008000358                EXTI3_IRQHandler
                0x0000000008000358                TIM1_UP_TIM10_IRQHandler
                0x0000000008000358                I2C3_ER_IRQHandler
                0x0000000008000358                EXTI18_OTG_FS_WKUP_IRQHandler
                0x0000000008000358                EXTI0_IRQHandler
                0x0000000008000358                I2C2_EV_IRQHandler
                0x0000000008000358                DMA1_Stream2_IRQHandler
                0x0000000008000358                UsageFault_Handler
                0x0000000008000358                DMA2_Stream2_IRQHandler
                0x0000000008000358                SPI1_IRQHandler
                0x0000000008000358                TIM1_BRK_TIM9_IRQHandler
                0x0000000008000358                DMA2_Stream3_IRQHandler
                0x0000000008000358                USART6_IRQHandler
                0x0000000008000358                DMA2_Stream0_IRQHandler
                0x0000000008000358                TIM4_IRQHandler
                0x0000000008000358                I2C1_EV_IRQHandler
                0x0000000008000358                DMA1_Stream6_IRQHandler
                0x0000000008000358                DMA1_Stream1_IRQHandler
                0x0000000008000358                TIM3_IRQHandler
                0x0000000008000358                RCC_IRQHandler
                0x0000000008000358                Default_Handler
                0x0000000008000358                EXTI15_10_IRQHandler
                0x0000000008000358                ADC_IRQHandler
                0x0000000008000358                DMA1_Stream7_IRQHandler
                0x0000000008000358                TIM5_IRQHandler
                0x0000000008000358                DMA2_Stream7_IRQHandler
                0x0000000008000358                I2C3_EV_IRQHandler
                0x0000000008000358                EXTI9_5_IRQHandler
                0x0000000008000358                SPI2_IRQHandler
                0x0000000008000358                MemManage_Handler
                0x0000000008000358                DMA1_Stream0_IRQHandler
                0x0000000008000358                SVC_Handler
                0x0000000008000358                EXTI4_IRQHandler
                0x0000000008000358                EXTI22_RTC_WKUP_IRQHandler
                0x0000000008000358                TIM2_IRQHandler
                0x0000000008000358                EXTI16_PVD_IRQHandler
                0x0000000008000358                TIM1_TRG_COM_TIM11_IRQHandler
                0x0000000008000358                EXTI1_IRQHandler
                0x0000000008000358                EXTI17_RTC_Alarm_IRQHandler
                0x0000000008000358                USART2_IRQHandler
                0x0000000008000358                I2C2_ER_IRQHandler
                0x0000000008000358                DMA2_Stream1_IRQHandler
                0x0000000008000358                FLASH_IRQHandler
                0x0000000008000358                DMA2_Stream4_IRQHandler
                0x0000000008000358                BusFault_Handler
                0x0000000008000358                USART1_IRQHandler
                0x0000000008000358                OTG_FS_IRQHandler
                0x0000000008000358                SPI3_IRQHandler
                0x0000000008000358                DMA1_Stream4_IRQHandler
                0x0000000008000358                I2C1_ER_IRQHandler
                0x0000000008000358                DMA2_Stream6_IRQHandler
                0x0000000008000358                DMA1_Stream3_IRQHandler
 *fill*         0x000000000800035a        0x2 
 .text.SystemInit
                0x000000000800035c       0x6c D:\thuvien\SDK_1.0.3_NUCLEO-F401RE\lib_stm\liblibraries.a(system_stm32f4xx.o)
                0x000000000800035c                SystemInit
 .text.SystemCoreClockUpdate
                0x00000000080003c8       0xf8 D:\thuvien\SDK_1.0.3_NUCLEO-F401RE\lib_stm\liblibraries.a(system_stm32f4xx.o)
                0x00000000080003c8                SystemCoreClockUpdate
 .text.SetSysClock
                0x00000000080004c0       0xa0 D:\thuvien\SDK_1.0.3_NUCLEO-F401RE\lib_stm\liblibraries.a(system_stm32f4xx.o)
 .text.GPIO_Init
                0x0000000008000560      0x11c D:\thuvien\SDK_1.0.3_NUCLEO-F401RE\lib_stm\liblibraries.a(stm32f401re_gpio.o)
                0x0000000008000560                GPIO_Init
 .text.RCC_AHB1PeriphClockCmd
                0x000000000800067c       0x40 D:\thuvien\SDK_1.0.3_NUCLEO-F401RE\lib_stm\liblibraries.a(stm32f401re_rcc.o)
                0x000000000800067c                RCC_AHB1PeriphClockCmd
 .text.__libc_init_array
                0x00000000080006bc       0x48 D:/STM32CubeIDE_1.14.1/STM32CubeIDE/plugins/com.st.stm32cube.ide.mcu.externaltools.gnu-tools-for-stm32.11.3.rel1.win32_1.1.100.202309141235/tools/bin/../lib/gcc/arm-none-eabi/11.3.1/../../../../arm-none-eabi/lib/thumb/v7e-m+fp/hard\libc_nano.a(libc_a-init.o)
                0x00000000080006bc                __libc_init_array
 *(.glue_7)
 .glue_7        0x0000000008000704        0x0 linker stubs
 *(.glue_7t)
 .glue_7t       0x0000000008000704        0x0 linker stubs
 *(.eh_frame)
 .eh_frame      0x0000000008000704        0x0 D:/STM32CubeIDE_1.14.1/STM32CubeIDE/plugins/com.st.stm32cube.ide.mcu.externaltools.gnu-tools-for-stm32.11.3.rel1.win32_1.1.100.202309141235/tools/bin/../lib/gcc/arm-none-eabi/11.3.1/thumb/v7e-m+fp/hard/crtbegin.o
 *(.init)
 .init          0x0000000008000704        0x4 D:/STM32CubeIDE_1.14.1/STM32CubeIDE/plugins/com.st.stm32cube.ide.mcu.externaltools.gnu-tools-for-stm32.11.3.rel1.win32_1.1.100.202309141235/tools/bin/../lib/gcc/arm-none-eabi/11.3.1/thumb/v7e-m+fp/hard/crti.o
                0x0000000008000704                _init
 .init          0x0000000008000708        0x8 D:/STM32CubeIDE_1.14.1/STM32CubeIDE/plugins/com.st.stm32cube.ide.mcu.externaltools.gnu-tools-for-stm32.11.3.rel1.win32_1.1.100.202309141235/tools/bin/../lib/gcc/arm-none-eabi/11.3.1/thumb/v7e-m+fp/hard/crtn.o
 *(.fini)
 .fini          0x0000000008000710        0x4 D:/STM32CubeIDE_1.14.1/STM32CubeIDE/plugins/com.st.stm32cube.ide.mcu.externaltools.gnu-tools-for-stm32.11.3.rel1.win32_1.1.100.202309141235/tools/bin/../lib/gcc/arm-none-eabi/11.3.1/thumb/v7e-m+fp/hard/crti.o
                0x0000000008000710                _fini
 .fini          0x0000000008000714        0x8 D:/STM32CubeIDE_1.14.1/STM32CubeIDE/plugins/com.st.stm32cube.ide.mcu.externaltools.gnu-tools-for-stm32.11.3.rel1.win32_1.1.100.202309141235/tools/bin/../lib/gcc/arm-none-eabi/11.3.1/thumb/v7e-m+fp/hard/crtn.o
                0x000000000800071c                . = ALIGN (0x4)
                0x000000000800071c                _etext = .

.vfp11_veneer   0x000000000800071c        0x0
 .vfp11_veneer  0x000000000800071c        0x0 linker stubs

.v4_bx          0x000000000800071c        0x0
 .v4_bx         0x000000000800071c        0x0 linker stubs

.iplt           0x000000000800071c        0x0
 .iplt          0x000000000800071c        0x0 D:/STM32CubeIDE_1.14.1/STM32CubeIDE/plugins/com.st.stm32cube.ide.mcu.externaltools.gnu-tools-for-stm32.11.3.rel1.win32_1.1.100.202309141235/tools/bin/../lib/gcc/arm-none-eabi/11.3.1/thumb/v7e-m+fp/hard/crtbegin.o

.rel.dyn        0x000000000800071c        0x0
 .rel.iplt      0x000000000800071c        0x0 D:/STM32CubeIDE_1.14.1/STM32CubeIDE/plugins/com.st.stm32cube.ide.mcu.externaltools.gnu-tools-for-stm32.11.3.rel1.win32_1.1.100.202309141235/tools/bin/../lib/gcc/arm-none-eabi/11.3.1/thumb/v7e-m+fp/hard/crtbegin.o

.rodata         0x000000000800071c        0x0
                0x000000000800071c                . = ALIGN (0x4)
 *(.rodata)
 *(.rodata*)
                0x000000000800071c                . = ALIGN (0x4)

.ARM.extab      0x000000000800071c        0x0
                0x000000000800071c                . = ALIGN (0x4)
 *(.ARM.extab* .gnu.linkonce.armextab.*)
                0x000000000800071c                . = ALIGN (0x4)

.ARM            0x000000000800071c        0x0
                0x000000000800071c                . = ALIGN (0x4)
                0x000000000800071c                __exidx_start = .
 *(.ARM.exidx*)
                0x000000000800071c                __exidx_end = .
                0x000000000800071c                . = ALIGN (0x4)

.preinit_array  0x000000000800071c        0x0
                0x000000000800071c                . = ALIGN (0x4)
                0x000000000800071c                PROVIDE (__preinit_array_start = .)
 *(.preinit_array*)
                0x000000000800071c                PROVIDE (__preinit_array_end = .)
                0x000000000800071c                . = ALIGN (0x4)

.init_array     0x000000000800071c        0x4
                0x000000000800071c                . = ALIGN (0x4)
                0x000000000800071c                PROVIDE (__init_array_start = .)
 *(SORT_BY_NAME(.init_array.*))
 *(.init_array*)
 .init_array    0x000000000800071c        0x4 D:/STM32CubeIDE_1.14.1/STM32CubeIDE/plugins/com.st.stm32cube.ide.mcu.externaltools.gnu-tools-for-stm32.11.3.rel1.win32_1.1.100.202309141235/tools/bin/../lib/gcc/arm-none-eabi/11.3.1/thumb/v7e-m+fp/hard/crtbegin.o
                0x0000000008000720                PROVIDE (__init_array_end = .)
                0x0000000008000720                . = ALIGN (0x4)

.fini_array     0x0000000008000720        0x4
                0x0000000008000720                . = ALIGN (0x4)
                [!provide]                        PROVIDE (__fini_array_start = .)
 *(SORT_BY_NAME(.fini_array.*))
 *(.fini_array*)
 .fini_array    0x0000000008000720        0x4 D:/STM32CubeIDE_1.14.1/STM32CubeIDE/plugins/com.st.stm32cube.ide.mcu.externaltools.gnu-tools-for-stm32.11.3.rel1.win32_1.1.100.202309141235/tools/bin/../lib/gcc/arm-none-eabi/11.3.1/thumb/v7e-m+fp/hard/crtbegin.o
                [!provide]                        PROVIDE (__fini_array_end = .)
                0x0000000008000724                . = ALIGN (0x4)
                0x0000000008000724                _sidata = LOADADDR (.data)

.data           0x0000000020000000       0x14 load address 0x0000000008000724
                0x0000000020000000                . = ALIGN (0x4)
                0x0000000020000000                _sdata = .
 *(.data)
 *(.data*)
 .data.SystemCoreClock
                0x0000000020000000        0x4 D:\thuvien\SDK_1.0.3_NUCLEO-F401RE\lib_stm\liblibraries.a(system_stm32f4xx.o)
                0x0000000020000000                SystemCoreClock
 .data.AHBPrescTable
                0x0000000020000004       0x10 D:\thuvien\SDK_1.0.3_NUCLEO-F401RE\lib_stm\liblibraries.a(system_stm32f4xx.o)
                0x0000000020000004                AHBPrescTable
 *(.RamFunc)
 *(.RamFunc*)
                0x0000000020000014                . = ALIGN (0x4)
                0x0000000020000014                _edata = .

.igot.plt       0x0000000020000014        0x0 load address 0x0000000008000738
 .igot.plt      0x0000000020000014        0x0 D:/STM32CubeIDE_1.14.1/STM32CubeIDE/plugins/com.st.stm32cube.ide.mcu.externaltools.gnu-tools-for-stm32.11.3.rel1.win32_1.1.100.202309141235/tools/bin/../lib/gcc/arm-none-eabi/11.3.1/thumb/v7e-m+fp/hard/crtbegin.o
                0x0000000020000014                . = ALIGN (0x4)

.bss            0x0000000020000014       0x1c load address 0x0000000008000738
                0x0000000020000014                _sbss = .
                0x0000000020000014                __bss_start__ = _sbss
 *(.bss)
 .bss           0x0000000020000014       0x1c D:/STM32CubeIDE_1.14.1/STM32CubeIDE/plugins/com.st.stm32cube.ide.mcu.externaltools.gnu-tools-for-stm32.11.3.rel1.win32_1.1.100.202309141235/tools/bin/../lib/gcc/arm-none-eabi/11.3.1/thumb/v7e-m+fp/hard/crtbegin.o
 *(.bss*)
 *(COMMON)
                0x0000000020000030                . = ALIGN (0x4)
                0x0000000020000030                _ebss = .
                0x0000000020000030                __bss_end__ = _ebss

._user_heap_stack
                0x0000000020000030      0x600 load address 0x0000000008000738
                0x0000000020000030                . = ALIGN (0x8)
                [!provide]                        PROVIDE (end = .)
                0x0000000020000030                PROVIDE (_end = .)
                0x0000000020000230                . = (. + _Min_Heap_Size)
 *fill*         0x0000000020000030      0x200 
                0x0000000020000630                . = (. + _Min_Stack_Size)
 *fill*         0x0000000020000230      0x400 
                0x0000000020000630                . = ALIGN (0x8)

/DISCARD/
 libc.a(*)
 libm.a(*)
 libgcc.a(*)

.ARM.attributes
                0x0000000000000000       0x30
 *(.ARM.attributes)
 .ARM.attributes
                0x0000000000000000       0x1e D:/STM32CubeIDE_1.14.1/STM32CubeIDE/plugins/com.st.stm32cube.ide.mcu.externaltools.gnu-tools-for-stm32.11.3.rel1.win32_1.1.100.202309141235/tools/bin/../lib/gcc/arm-none-eabi/11.3.1/thumb/v7e-m+fp/hard/crti.o
 .ARM.attributes
                0x000000000000001e       0x34 D:/STM32CubeIDE_1.14.1/STM32CubeIDE/plugins/com.st.stm32cube.ide.mcu.externaltools.gnu-tools-for-stm32.11.3.rel1.win32_1.1.100.202309141235/tools/bin/../lib/gcc/arm-none-eabi/11.3.1/thumb/v7e-m+fp/hard/crtbegin.o
 .ARM.attributes
                0x0000000000000052       0x34 ./Src/main.o
 .ARM.attributes
                0x0000000000000086       0x21 ./Startup/startup_stm32f401retx.o
 .ARM.attributes
                0x00000000000000a7       0x39 D:\thuvien\SDK_1.0.3_NUCLEO-F401RE\lib_stm\liblibraries.a(system_stm32f4xx.o)
 .ARM.attributes
                0x00000000000000e0       0x39 D:\thuvien\SDK_1.0.3_NUCLEO-F401RE\lib_stm\liblibraries.a(stm32f401re_gpio.o)
 .ARM.attributes
                0x0000000000000119       0x39 D:\thuvien\SDK_1.0.3_NUCLEO-F401RE\lib_stm\liblibraries.a(stm32f401re_rcc.o)
 .ARM.attributes
                0x0000000000000152       0x34 D:/STM32CubeIDE_1.14.1/STM32CubeIDE/plugins/com.st.stm32cube.ide.mcu.externaltools.gnu-tools-for-stm32.11.3.rel1.win32_1.1.100.202309141235/tools/bin/../lib/gcc/arm-none-eabi/11.3.1/../../../../arm-none-eabi/lib/thumb/v7e-m+fp/hard\libc_nano.a(libc_a-init.o)
 .ARM.attributes
                0x0000000000000186       0x1e D:/STM32CubeIDE_1.14.1/STM32CubeIDE/plugins/com.st.stm32cube.ide.mcu.externaltools.gnu-tools-for-stm32.11.3.rel1.win32_1.1.100.202309141235/tools/bin/../lib/gcc/arm-none-eabi/11.3.1/thumb/v7e-m+fp/hard/crtn.o
OUTPUT(test.elf elf32-littlearm)
LOAD linker stubs
LOAD D:/STM32CubeIDE_1.14.1/STM32CubeIDE/plugins/com.st.stm32cube.ide.mcu.externaltools.gnu-tools-for-stm32.11.3.rel1.win32_1.1.100.202309141235/tools/bin/../lib/gcc/arm-none-eabi/11.3.1/../../../../arm-none-eabi/lib/thumb/v7e-m+fp/hard\libc.a
LOAD D:/STM32CubeIDE_1.14.1/STM32CubeIDE/plugins/com.st.stm32cube.ide.mcu.externaltools.gnu-tools-for-stm32.11.3.rel1.win32_1.1.100.202309141235/tools/bin/../lib/gcc/arm-none-eabi/11.3.1/../../../../arm-none-eabi/lib/thumb/v7e-m+fp/hard\libm.a
LOAD D:/STM32CubeIDE_1.14.1/STM32CubeIDE/plugins/com.st.stm32cube.ide.mcu.externaltools.gnu-tools-for-stm32.11.3.rel1.win32_1.1.100.202309141235/tools/bin/../lib/gcc/arm-none-eabi/11.3.1/thumb/v7e-m+fp/hard\libgcc.a

.comment        0x0000000000000000       0xbe
 .comment       0x0000000000000000       0x43 D:/STM32CubeIDE_1.14.1/STM32CubeIDE/plugins/com.st.stm32cube.ide.mcu.externaltools.gnu-tools-for-stm32.11.3.rel1.win32_1.1.100.202309141235/tools/bin/../lib/gcc/arm-none-eabi/11.3.1/thumb/v7e-m+fp/hard/crtbegin.o
                                         0x44 (size before relaxing)
 .comment       0x0000000000000043       0x44 ./Src/main.o
 .comment       0x0000000000000043       0x7b D:\thuvien\SDK_1.0.3_NUCLEO-F401RE\lib_stm\liblibraries.a(system_stm32f4xx.o)
                                         0x7c (size before relaxing)
 .comment       0x00000000000000be       0x7c D:\thuvien\SDK_1.0.3_NUCLEO-F401RE\lib_stm\liblibraries.a(stm32f401re_gpio.o)
 .comment       0x00000000000000be       0x7c D:\thuvien\SDK_1.0.3_NUCLEO-F401RE\lib_stm\liblibraries.a(stm32f401re_rcc.o)

.debug_info     0x0000000000000000     0x1d41
 .debug_info    0x0000000000000000      0x3da ./Src/main.o
 .debug_info    0x00000000000003da       0x23 ./Startup/startup_stm32f401retx.o
 .debug_info    0x00000000000003fd      0x5bb D:\thuvien\SDK_1.0.3_NUCLEO-F401RE\lib_stm\liblibraries.a(system_stm32f4xx.o)
 .debug_info    0x00000000000009b8      0x62b D:\thuvien\SDK_1.0.3_NUCLEO-F401RE\lib_stm\liblibraries.a(stm32f401re_gpio.o)
 .debug_info    0x0000000000000fe3      0xd5e D:\thuvien\SDK_1.0.3_NUCLEO-F401RE\lib_stm\liblibraries.a(stm32f401re_rcc.o)

.debug_abbrev   0x0000000000000000      0x6b1
 .debug_abbrev  0x0000000000000000      0x1d4 ./Src/main.o
 .debug_abbrev  0x00000000000001d4       0x12 ./Startup/startup_stm32f401retx.o
 .debug_abbrev  0x00000000000001e6      0x138 D:\thuvien\SDK_1.0.3_NUCLEO-F401RE\lib_stm\liblibraries.a(system_stm32f4xx.o)
 .debug_abbrev  0x000000000000031e      0x1bf D:\thuvien\SDK_1.0.3_NUCLEO-F401RE\lib_stm\liblibraries.a(stm32f401re_gpio.o)
 .debug_abbrev  0x00000000000004dd      0x1d4 D:\thuvien\SDK_1.0.3_NUCLEO-F401RE\lib_stm\liblibraries.a(stm32f401re_rcc.o)

.debug_aranges  0x0000000000000000      0x2b8
 .debug_aranges
                0x0000000000000000       0x40 ./Src/main.o
 .debug_aranges
                0x0000000000000040       0x28 ./Startup/startup_stm32f401retx.o
 .debug_aranges
                0x0000000000000068       0x30 D:\thuvien\SDK_1.0.3_NUCLEO-F401RE\lib_stm\liblibraries.a(system_stm32f4xx.o)
 .debug_aranges
                0x0000000000000098       0x88 D:\thuvien\SDK_1.0.3_NUCLEO-F401RE\lib_stm\liblibraries.a(stm32f401re_gpio.o)
 .debug_aranges
                0x0000000000000120      0x198 D:\thuvien\SDK_1.0.3_NUCLEO-F401RE\lib_stm\liblibraries.a(stm32f401re_rcc.o)

.debug_rnglists
                0x0000000000000000       0x44
 .debug_rnglists
                0x0000000000000000       0x2b ./Src/main.o
 .debug_rnglists
                0x000000000000002b       0x19 ./Startup/startup_stm32f401retx.o

.debug_macro    0x0000000000000000     0xcc84
 .debug_macro   0x0000000000000000      0x1e7 ./Src/main.o
 .debug_macro   0x00000000000001e7      0xab4 ./Src/main.o
 .debug_macro   0x0000000000000c9b       0x22 ./Src/main.o
 .debug_macro   0x0000000000000cbd       0x8e ./Src/main.o
 .debug_macro   0x0000000000000d4b       0x51 ./Src/main.o
 .debug_macro   0x0000000000000d9c      0x103 ./Src/main.o
 .debug_macro   0x0000000000000e9f       0x6a ./Src/main.o
 .debug_macro   0x0000000000000f09      0x1df ./Src/main.o
 .debug_macro   0x00000000000010e8       0x6b ./Src/main.o
 .debug_macro   0x0000000000001153       0x3b ./Src/main.o
 .debug_macro   0x000000000000118e       0x34 ./Src/main.o
 .debug_macro   0x00000000000011c2       0x26 ./Src/main.o
 .debug_macro   0x00000000000011e8      0xe43 ./Src/main.o
 .debug_macro   0x000000000000202b     0x8018 ./Src/main.o
 .debug_macro   0x000000000000a043      0x644 ./Src/main.o
 .debug_macro   0x000000000000a687      0x2f4 ./Src/main.o
 .debug_macro   0x000000000000a97b       0x61 ./Src/main.o
 .debug_macro   0x000000000000a9dc       0x2a ./Src/main.o
 .debug_macro   0x000000000000aa06       0x43 ./Src/main.o
 .debug_macro   0x000000000000aa49       0x34 ./Src/main.o
 .debug_macro   0x000000000000aa7d       0x16 ./Src/main.o
 .debug_macro   0x000000000000aa93       0x97 ./Src/main.o
 .debug_macro   0x000000000000ab2a      0x369 ./Src/main.o
 .debug_macro   0x000000000000ae93       0xfd ./Src/main.o
 .debug_macro   0x000000000000af90       0x10 ./Src/main.o
 .debug_macro   0x000000000000afa0       0x16 ./Src/main.o
 .debug_macro   0x000000000000afb6       0x43 ./Src/main.o
 .debug_macro   0x000000000000aff9       0x34 ./Src/main.o
 .debug_macro   0x000000000000b02d       0x10 ./Src/main.o
 .debug_macro   0x000000000000b03d       0x58 ./Src/main.o
 .debug_macro   0x000000000000b095       0x8e ./Src/main.o
 .debug_macro   0x000000000000b123       0x1c ./Src/main.o
 .debug_macro   0x000000000000b13f      0x177 ./Src/main.o
 .debug_macro   0x000000000000b2b6       0x16 ./Src/main.o
 .debug_macro   0x000000000000b2cc       0x16 ./Src/main.o
 .debug_macro   0x000000000000b2e2      0x147 ./Src/main.o
 .debug_macro   0x000000000000b429       0xce D:\thuvien\SDK_1.0.3_NUCLEO-F401RE\lib_stm\liblibraries.a(system_stm32f4xx.o)
 .debug_macro   0x000000000000b4f7      0xa66 D:\thuvien\SDK_1.0.3_NUCLEO-F401RE\lib_stm\liblibraries.a(system_stm32f4xx.o)
 .debug_macro   0x000000000000bf5d       0x22 D:\thuvien\SDK_1.0.3_NUCLEO-F401RE\lib_stm\liblibraries.a(system_stm32f4xx.o)
 .debug_macro   0x000000000000bf7f       0x8e D:\thuvien\SDK_1.0.3_NUCLEO-F401RE\lib_stm\liblibraries.a(system_stm32f4xx.o)
 .debug_macro   0x000000000000c00d       0xef D:\thuvien\SDK_1.0.3_NUCLEO-F401RE\lib_stm\liblibraries.a(system_stm32f4xx.o)
 .debug_macro   0x000000000000c0fc       0xc3 D:\thuvien\SDK_1.0.3_NUCLEO-F401RE\lib_stm\liblibraries.a(stm32f401re_gpio.o)
 .debug_macro   0x000000000000c1bf      0x2ee D:\thuvien\SDK_1.0.3_NUCLEO-F401RE\lib_stm\liblibraries.a(stm32f401re_gpio.o)
 .debug_macro   0x000000000000c4ad      0x64a D:\thuvien\SDK_1.0.3_NUCLEO-F401RE\lib_stm\liblibraries.a(stm32f401re_gpio.o)
 .debug_macro   0x000000000000caf7      0x18d D:\thuvien\SDK_1.0.3_NUCLEO-F401RE\lib_stm\liblibraries.a(stm32f401re_rcc.o)

.debug_line     0x0000000000000000     0x1b73
 .debug_line    0x0000000000000000      0x728 ./Src/main.o
 .debug_line    0x0000000000000728       0x7b ./Startup/startup_stm32f401retx.o
 .debug_line    0x00000000000007a3      0x4a0 D:\thuvien\SDK_1.0.3_NUCLEO-F401RE\lib_stm\liblibraries.a(system_stm32f4xx.o)
 .debug_line    0x0000000000000c43      0x65e D:\thuvien\SDK_1.0.3_NUCLEO-F401RE\lib_stm\liblibraries.a(stm32f401re_gpio.o)
 .debug_line    0x00000000000012a1      0x8d2 D:\thuvien\SDK_1.0.3_NUCLEO-F401RE\lib_stm\liblibraries.a(stm32f401re_rcc.o)

.debug_str      0x0000000000000000    0x3f3ea
 .debug_str     0x0000000000000000    0x3df96 ./Src/main.o
                                      0x3e1e7 (size before relaxing)
 .debug_str     0x000000000003df96       0x2f ./Startup/startup_stm32f401retx.o
                                         0x47 (size before relaxing)
 .debug_str     0x000000000003dfc5      0x6da D:\thuvien\SDK_1.0.3_NUCLEO-F401RE\lib_stm\liblibraries.a(system_stm32f4xx.o)
                                      0x3583e (size before relaxing)
 .debug_str     0x000000000003e69f      0x192 D:\thuvien\SDK_1.0.3_NUCLEO-F401RE\lib_stm\liblibraries.a(stm32f401re_gpio.o)
                                      0x3a690 (size before relaxing)
 .debug_str     0x000000000003e831      0xbb9 D:\thuvien\SDK_1.0.3_NUCLEO-F401RE\lib_stm\liblibraries.a(stm32f401re_rcc.o)
                                      0x39aa1 (size before relaxing)

.debug_frame    0x0000000000000000      0xb18
 .debug_frame   0x0000000000000000       0xc8 ./Src/main.o
 .debug_frame   0x00000000000000c8       0x74 D:\thuvien\SDK_1.0.3_NUCLEO-F401RE\lib_stm\liblibraries.a(system_stm32f4xx.o)
 .debug_frame   0x000000000000013c      0x23c D:\thuvien\SDK_1.0.3_NUCLEO-F401RE\lib_stm\liblibraries.a(stm32f401re_gpio.o)
 .debug_frame   0x0000000000000378      0x774 D:\thuvien\SDK_1.0.3_NUCLEO-F401RE\lib_stm\liblibraries.a(stm32f401re_rcc.o)
 .debug_frame   0x0000000000000aec       0x2c D:/STM32CubeIDE_1.14.1/STM32CubeIDE/plugins/com.st.stm32cube.ide.mcu.externaltools.gnu-tools-for-stm32.11.3.rel1.win32_1.1.100.202309141235/tools/bin/../lib/gcc/arm-none-eabi/11.3.1/../../../../arm-none-eabi/lib/thumb/v7e-m+fp/hard\libc_nano.a(libc_a-init.o)

.debug_line_str
                0x0000000000000000       0x3b
 .debug_line_str
                0x0000000000000000       0x3b ./Startup/startup_stm32f401retx.o
                                         0x53 (size before relaxing)

.debug_ranges   0x0000000000000000      0x220
 .debug_ranges  0x0000000000000000       0x20 D:\thuvien\SDK_1.0.3_NUCLEO-F401RE\lib_stm\liblibraries.a(system_stm32f4xx.o)
 .debug_ranges  0x0000000000000020       0x78 D:\thuvien\SDK_1.0.3_NUCLEO-F401RE\lib_stm\liblibraries.a(stm32f401re_gpio.o)
 .debug_ranges  0x0000000000000098      0x188 D:\thuvien\SDK_1.0.3_NUCLEO-F401RE\lib_stm\liblibraries.a(stm32f401re_rcc.o)
